// Jest Snapshot v1, https://goo.gl/fbAQLP

exports[`./ServerForm.vue when load page, ServerForm renders correctly 1`] = `
<div class="container">
  <div class="title is-size-4">Редактировать</div>
  <form class="box">
    <p><strong>ID:</strong> 1</p>
    <div class="divider"></div>
    <b-field-stub label="Название сервера" addons="true">
      <b-input-stub expanded="true" usehtml5validation="true" value="Супер сервер" type="text" hascounter="true" customclass="" required="required"></b-input-stub>
    </b-field-stub>
    <b-field-stub label="Тип сервера" addons="true" class="input-margin">
      <b-select-stub expanded="true" usehtml5validation="true" value="dedicated">
        <option value="dedicated">dedicated</option>
        <option value="vds">vds</option>
        <option value="hosting">hosting</option>
      </b-select-stub>
    </b-field-stub>
    <div class="buttons is-pulled-right button-custom">
      <b-button-stub type="is-danger" iconleft="delete" nativetype="button" tag="button">Удалить</b-button-stub>
      <b-button-stub type="is-success" nativetype="button" tag="button" disabled="true">Сохранить изменения</b-button-stub>
    </div>
  </form>
</div>
`;

exports[`./ServerForm.vue when load page, ServerForm renders correctly 2`] = `
<div class="container">
  <div class="title is-size-4">Редактировать</div>
  <form class="box">
    <p><strong>ID:</strong> 1</p>
    <div class="divider"></div>
    <b-field-stub label="Название сервера" addons="true">
      <b-input-stub expanded="true" usehtml5validation="true" value="Супер сервер" type="text" hascounter="true" customclass="" required="required"></b-input-stub>
    </b-field-stub>
    <b-field-stub label="Тип сервера" addons="true" class="input-margin">
      <b-select-stub expanded="true" usehtml5validation="true" value="dedicated">
        <option value="dedicated">dedicated</option>
        <option value="vds">vds</option>
        <option value="hosting">hosting</option>
      </b-select-stub>
    </b-field-stub>
    <div class="buttons is-pulled-right button-custom">
      <b-button-stub type="is-danger" iconleft="delete" nativetype="button" tag="button">Удалить</b-button-stub>
      <b-button-stub type="is-success" nativetype="button" tag="button" disabled="true">Сохранить изменения</b-button-stub>
    </div>
  </form>
</div>
`;

exports[`./ServerForm.vue when load page, form renders correctly 1`] = `
<div class="container">
  <div class="title is-size-4">Редактировать</div>
  <form class="box">
    <p><strong>ID:</strong> 1</p>
    <div class="divider"></div>
    <b-field-stub label="Название сервера" addons="true">
      <b-input-stub expanded="true" usehtml5validation="true" value="Супер сервер" type="text" hascounter="true" customclass="" required="required"></b-input-stub>
    </b-field-stub>
    <b-field-stub label="Тип сервера" addons="true" class="input-margin">
      <b-select-stub expanded="true" usehtml5validation="true" value="dedicated">
        <option value="dedicated">dedicated</option>
        <option value="vds">vds</option>
        <option value="hosting">hosting</option>
      </b-select-stub>
    </b-field-stub>
    <div class="buttons is-pulled-right button-custom">
      <b-button-stub type="is-danger" iconleft="delete" nativetype="button" tag="button">Удалить</b-button-stub>
      <b-button-stub type="is-success" nativetype="button" tag="button" disabled="true">Сохранить изменения</b-button-stub>
    </div>
  </form>
</div>
`;
