// Jest Snapshot v1, https://goo.gl/fbAQLP

exports[`./index.vue when load page, Servers renders correctly 1`] = `
<div class="columns">
  <div class="column is-half">
    <server-list-stub data="" isloading="true"></server-list-stub>
  </div>
  <div class="column form">
    <transition-stub name="fade" mode="out-in" duration="[object Object]">
      <div class="img-empty"><img alt="image-choice" src="@/image/choice.svg">
        <p class="img-title">Сервер для редактирования не выбран</p>
      </div>
    </transition-stub>
  </div>
</div>
`;
